// Vitest Snapshot v1, https://vitest.dev/guide/snapshot.html

exports[`MainTitle component > matches the snapshot 1`] = `
<DocumentFragment>
  <div
    class="w-full flex flex-col bg-secondary p-4 gap-1"
  >
    <h1
      class="test-font-class flex flex-col justify-center items-start text-4xl gap-1"
    >
      <span
        class="sr-only"
      >
        Society of Women Engineers
      </span>
      <span
        aria-hidden="true"
      >
        Society of
      </span>
      <span
        aria-hidden="true"
      >
        Women Engineers
      </span>
    </h1>
    <p
      class="text-right"
    >
      at The Ohio State University
    </p>
  </div>
</DocumentFragment>
`;
