// Vitest Snapshot v1, https://vitest.dev/guide/snapshot.html

exports[`external link constants > matches the latest snapshot 1`] = `
{
  "BUCKEYE_GPT_HOME_LINK": "https://buckeye.chat",
  "DEVELOPER_GITHUB_LINK": "https://github.com/KemingHe",
  "DEVELOPER_LINKEDIN_LINK": "https://www.linkedin.com/in/keminghe",
  "GITHUB_REPO_LINK": "https://github.com/KemingHe/osuswe-app",
  "LEGAL_DISCLAIMER_LINK": "https://github.com/KemingHe/osuswe-app/blob/main/docs/legal/legal-disclaimer.md",
  "OSUSWE_ORG_EMAIL_LINK": "mailto:osuswe@gmail.com",
  "OSUSWE_ORG_EVENTS_LINK": "https://osuswe.org/calendar",
  "OSUSWE_ORG_FAQ_LINK": "https://osuswe.org/faq",
  "OSUSWE_ORG_HOME_LINK": "https://osuswe.org",
  "OSUSWE_ORG_INSTAGRAM_LINK": "https://instagram.com/osuswe",
  "OSUSWE_ORG_LINKEDIN_LINK": "https://il.linkedin.com/company/osuswe",
  "OSUSWE_ORG_MEMBERSHIP_LINK": "https://osuswe.org/how-to-become-a-member",
  "OSUSWE_ORG_OFFICERS_LINK": "https://osuswe.org/swe-officers",
  "OSUSWE_ORG_SLACK_LINK": "https://ohiostateswe.slack.com",
  "PRIVACY_POLICY_LINK": "https://github.com/KemingHe/osuswe-app/blob/main/docs/legal/privacy-policy.md",
  "TERMS_AND_CONDITIONS_LINK": "https://github.com/KemingHe/osuswe-app/blob/main/docs/legal/terms-and-conditions.md",
}
`;
