// Vitest Snapshot v1, https://vitest.dev/guide/snapshot.html

exports[`external link constants > matches the latest snapshot 1`] = `
{
  "LEGAL_DISCLAIMER_LINK": "https://github.com/KemingHe/osuswe-app/blob/main/docs/legal/legal-disclaimer.md",
  "PRIVACY_POLICY_LINK": "https://github.com/KemingHe/osuswe-app/blob/main/docs/legal/privacy-policy.md",
  "TERMS_AND_CONDITIONS_LINK": "https://github.com/KemingHe/osuswe-app/blob/main/docs/legal/terms-and-conditions.md",
}
`;
