// Vitest Snapshot v1, https://vitest.dev/guide/snapshot.html

exports[`loadingMessageConstants > matches latest snapshot 1`] = `
{
  "DEFAULT_LOADING_MESSAGE": "Loading...",
  "REDIRECT_ONCE_SIGNED_IN_GUARD_REDIRECTING_MESSAGE": "Redirecting to dashboard...",
  "REQUIRES_SIGNED_IN_GUARD_REDIRECTING_MESSAGE": "Redirecting to sign in...",
  "STACK_PROVIDER_LOADING_MESSAGE": "Securing your session...",
  "STACK_ROLE_PROVIDER_LOADING_MESSAGE": "Fetching user roles...",
  "UPDATE_METADATA_LOADING_MESSAGE": "Validating your role...",
  "VERIFY_EMAIL_LOADING_MESSAGE": "Verifying your email...",
}
`;
