// Vitest Snapshot v1, https://vitest.dev/guide/snapshot.html

exports[`IDENTITY_GROUP_OPTIONS > matches the latest snapshot 1`] = `
[
  "African-American",
  "Asian Connection",
  "HeForSWE (male allies of women in engineering)",
  "Latinx",
  "LGBTQ+",
  "Native-American/Indigenous Peoples",
  "Military and Veterans",
  "Disability Inclusion",
  "I do not identify with any of the above groups",
]
`;
