// Vitest Snapshot v1, https://vitest.dev/guide/snapshot.html

exports[`LoadingSpinner component > matches the snapshot 1`] = `
<DocumentFragment>
  <output
    aria-live="polite"
    class="card size-48"
  >
    <figure
      class="pt-8"
    >
      <img
        alt="Loading spinner"
        class="_loading-spinner-image_84a6ee"
        data-nimg="1"
        decoding="async"
        height="60"
        src="/_next/image?url=%2Fimages%2Fosuswe-logo-512.png&w=128&q=75"
        srcset="/_next/image?url=%2Fimages%2Fosuswe-logo-512.png&w=64&q=75 1x, /_next/image?url=%2Fimages%2Fosuswe-logo-512.png&w=128&q=75 2x"
        style="color: transparent;"
        width="60"
      />
    </figure>
    <div
      class="card-body px-6 pt-4 pb-8 text-center text-lg leading-snug"
    >
      <p
        class="h-full flex items-center justify-center"
      >
        Loading...
      </p>
    </div>
  </output>
</DocumentFragment>
`;
